// Jest Snapshot v1, https://goo.gl/fbAQLP

exports[`pruebas en <GifGridItem/> debe de mostrar el componente correctamente 1`] = `
<div
  className="card animate__animated animate__fadeIn"
>
  <img
    alt="santiago "
    src="https://localhost/2.jpg"
  />
  <p>
     
    santiago 
     
  </p>
</div>
`;
